src/components/layout/TopNav.tsx(2,19): error TS1484: 'UserRole' is a type and must be imported using a type-only import when 'verbatimModuleSyntax' is enabled.
src/pages/admin/AdminAccessRequests.tsx(2,26): error TS2307: Cannot find module '../../../lib/supabase' or its corresponding type declarations.
src/pages/admin/AdminAccessRequests.tsx(4,25): error TS2307: Cannot find module '../../../contexts/AuthContext' or its corresponding type declarations.
src/pages/admin/AdminDashboard.tsx(2,26): error TS2307: Cannot find module '../../../lib/supabase' or its corresponding type declarations.
src/pages/admin/AdminDashboard.tsx(4,25): error TS2307: Cannot find module '../../../contexts/AuthContext' or its corresponding type declarations.
src/pages/admin/AdminGroups.tsx(2,26): error TS2307: Cannot find module '../../../lib/supabase' or its corresponding type declarations.
src/pages/admin/AdminOrgs.tsx(2,26): error TS2307: Cannot find module '../../../lib/supabase' or its corresponding type declarations.
src/pages/admin/AdminSurveys.tsx(2,26): error TS2307: Cannot find module '../../../lib/supabase' or its corresponding type declarations.
src/pages/admin/AdminToolLibrary.tsx(2,26): error TS2307: Cannot find module '../../../lib/supabase' or its corresponding type declarations.
src/pages/admin/AdminUsers.tsx(2,26): error TS2307: Cannot find module '../../../lib/supabase' or its corresponding type declarations.
src/pages/hr/HRCases.tsx(2,26): error TS2307: Cannot find module '../../../lib/supabase' or its corresponding type declarations.
src/pages/hr/HRCases.tsx(4,25): error TS2307: Cannot find module '../../../contexts/AuthContext' or its corresponding type declarations.
src/pages/hr/HRDashboard.tsx(2,26): error TS2307: Cannot find module '../../../lib/supabase' or its corresponding type declarations.
src/pages/hr/HRFlags.tsx(2,26): error TS2307: Cannot find module '../../../lib/supabase' or its corresponding type declarations.
src/pages/hr/HRFlags.tsx(4,25): error TS2307: Cannot find module '../../../contexts/AuthContext' or its corresponding type declarations.
src/pages/leader/LeaderAlerts.tsx(2,26): error TS2307: Cannot find module '../../../lib/supabase' or its corresponding type declarations.
src/pages/leader/LeaderDashboard.tsx(2,26): error TS2307: Cannot find module '../../../lib/supabase' or its corresponding type declarations.
src/pages/leader/LeaderDashboard.tsx(4,25): error TS2307: Cannot find module '../../../contexts/AuthContext' or its corresponding type declarations.
src/pages/leader/LeaderDashboard.tsx(25,42): error TS7006: Parameter 'm' implicitly has an 'any' type.
src/pages/member/MemberDashboard.tsx(2,26): error TS2307: Cannot find module '../../../lib/supabase' or its corresponding type declarations.
src/pages/member/MemberDashboard.tsx(4,25): error TS2307: Cannot find module '../../../contexts/AuthContext' or its corresponding type declarations.
src/pages/member/MemberSurveys.tsx(2,26): error TS2307: Cannot find module '../../../lib/supabase' or its corresponding type declarations.
src/pages/member/MemberSurveys.tsx(4,25): error TS2307: Cannot find module '../../../contexts/AuthContext' or its corresponding type declarations.
src/pages/org/OrgAnalytics.tsx(2,26): error TS2307: Cannot find module '../../../lib/supabase' or its corresponding type declarations.
src/pages/org/OrgAnalytics.tsx(4,25): error TS2307: Cannot find module '../../../contexts/AuthContext' or its corresponding type declarations.
src/pages/org/OrgDashboard.tsx(2,26): error TS2307: Cannot find module '../../../lib/supabase' or its corresponding type declarations.
src/pages/org/OrgDashboard.tsx(4,25): error TS2307: Cannot find module '../../../contexts/AuthContext' or its corresponding type declarations.
src/pages/org/OrgGroups.tsx(2,26): error TS2307: Cannot find module '../../../lib/supabase' or its corresponding type declarations.
src/pages/org/OrgGroups.tsx(4,25): error TS2307: Cannot find module '../../../contexts/AuthContext' or its corresponding type declarations.
src/pages/org/OrgMembers.tsx(2,26): error TS2307: Cannot find module '../../../lib/supabase' or its corresponding type declarations.
src/pages/org/OrgMembers.tsx(4,25): error TS2307: Cannot find module '../../../contexts/AuthContext' or its corresponding type declarations.
src/pages/org/OrgMembers.tsx(36,37): error TS7006: Parameter 'm' implicitly has an 'any' type.
